#-----------------------------------------------------------
# Vivado v2023.1 (64-bit)
# SW Build 3865809 on Sun May  7 15:05:29 MDT 2023
# IP Build 3864474 on Sun May  7 20:36:21 MDT 2023
# SharedData Build 3865790 on Sun May 07 13:33:03 MDT 2023
# Start of session at: Thu Jun 20 21:44:18 2024
# Process ID: 12996
# Current directory: E:/Academic Projects/23'12 Sobel Edge Detection using FPGA
# Command line: vivado.exe -gui_launcher_event rodinguilauncherevent14844 E:\Academic Projects\23'12 Sobel Edge Detection using FPGA\project_1.xpr
# Log file: E:/Academic Projects/23'12 Sobel Edge Detection using FPGA/vivado.log
# Journal file: E:/Academic Projects/23'12 Sobel Edge Detection using FPGA\vivado.jou
# Running On: DESKTOP-NE-5437, OS: Windows, CPU Frequency: 2803 MHz, CPU Physical cores: 4, Host memory: 16901 MB
#-----------------------------------------------------------
start_gui
open_project {E:/Academic Projects/23'12 Sobel Edge Detection using FPGA/project_1.xpr}
update_compile_order -fileset sources_1
